--- Ace Editor Update Log ---
Timestamp : 2026-09-06T09:52:51.719Z
Package   : ace-builds
Version   : 1.44.0
User Agent: Mozilla/5.0 (X11; CrOS x86_64 14541.0.0) AppleWebKit/537.36 (KHTML, like Gecko) Chrome/144.0.0.0 Safari/537.36
Summary   : 16 files requested, 16 files downloaded and saved locally.
Status    : Success

Files Processed:
 1. ace.js
   Source: https://cdn.jsdelivr.net/npm/ace-builds@1.44.0/src-min-noconflict/ace.js

 2. ext-searchbox.js
   Source: https://cdn.jsdelivr.net/npm/ace-builds@1.44.0/src-min-noconflict/ext-searchbox.js

 3. mode-css.js
   Source: https://cdn.jsdelivr.net/npm/ace-builds@1.44.0/src-min-noconflict/mode-css.js

 4. mode-html.js
   Source: https://cdn.jsdelivr.net/npm/ace-builds@1.44.0/src-min-noconflict/mode-html.js

 5. mode-javascript.js
   Source: https://cdn.jsdelivr.net/npm/ace-builds@1.44.0/src-min-noconflict/mode-javascript.js

 6. mode-json.js
   Source: https://cdn.jsdelivr.net/npm/ace-builds@1.44.0/src-min-noconflict/mode-json.js

 7. mode-markdown.js
   Source: https://cdn.jsdelivr.net/npm/ace-builds@1.44.0/src-min-noconflict/mode-markdown.js

 8. mode-text.js
   Source: https://cdn.jsdelivr.net/npm/ace-builds@1.44.0/src-min-noconflict/mode-text.js

 9. mode-xml.js
   Source: https://cdn.jsdelivr.net/npm/ace-builds@1.44.0/src-min-noconflict/mode-xml.js

 10. mode-yaml.js
   Source: https://cdn.jsdelivr.net/npm/ace-builds@1.44.0/src-min-noconflict/mode-yaml.js

 11. worker-css.js
   Source: https://cdn.jsdelivr.net/npm/ace-builds@1.44.0/src-min-noconflict/worker-css.js

 12. worker-html.js
   Source: https://cdn.jsdelivr.net/npm/ace-builds@1.44.0/src-min-noconflict/worker-html.js

 13. worker-javascript.js
   Source: https://cdn.jsdelivr.net/npm/ace-builds@1.44.0/src-min-noconflict/worker-javascript.js

 14. worker-json.js
   Source: https://cdn.jsdelivr.net/npm/ace-builds@1.44.0/src-min-noconflict/worker-json.js

 15. worker-xml.js
   Source: https://cdn.jsdelivr.net/npm/ace-builds@1.44.0/src-min-noconflict/worker-xml.js

 16. worker-yaml.js
   Source: https://cdn.jsdelivr.net/npm/ace-builds@1.44.0/src-min-noconflict/worker-yaml.js

