--- Monaco Editor Update Log ---
Timestamp : 2026-09-06T14:11:21.376Z
Package   : monaco-editor
Version   : 0.56.0
User Agent: Mozilla/5.0 (X11; CrOS x86_64 14541.0.0) AppleWebKit/537.36 (KHTML, like Gecko) Chrome/144.0.0.0 Safari/537.36
Summary   : 27 files requested, 27 files downloaded and saved locally.
Status    : Success

Files Processed:
 1. css-CaeNmE3S.js
   Source: https://cdn.jsdelivr.net/npm/monaco-editor@0.56.0/min/vs/css-CaeNmE3S.js

 2. cssMode-CV6Ay48H.js
   Source: https://cdn.jsdelivr.net/npm/monaco-editor@0.56.0/min/vs/cssMode-CV6Ay48H.js

 3. editor.js
   Source: https://cdn.jsdelivr.net/npm/monaco-editor@0.56.0/min/vs/editor.js

 4. editor/editor.main.css
   Source: https://cdn.jsdelivr.net/npm/monaco-editor@0.56.0/min/vs/editor/editor.main.css

 5. editor/editor.main.js
   Source: https://cdn.jsdelivr.net/npm/monaco-editor@0.56.0/min/vs/editor/editor.main.js

 6. editor/editor.worker.js
   Source: https://cdn.jsdelivr.net/npm/monaco-editor@0.56.0/min/vs/editor/editor.worker.js

 7. editor-KLE6jdfb.js
   Source: https://cdn.jsdelivr.net/npm/monaco-editor@0.56.0/min/vs/editor-KLE6jdfb.js

 8. editorWorkerHost-fVE1cjcC.js
   Source: https://cdn.jsdelivr.net/npm/monaco-editor@0.56.0/min/vs/editorWorkerHost-fVE1cjcC.js

 9. html-j_7ZTNRU.js
   Source: https://cdn.jsdelivr.net/npm/monaco-editor@0.56.0/min/vs/html-j_7ZTNRU.js

 10. htmlMode-27by_KM4.js
   Source: https://cdn.jsdelivr.net/npm/monaco-editor@0.56.0/min/vs/htmlMode-27by_KM4.js

 11. javascript-DTJl4Jn1.js
   Source: https://cdn.jsdelivr.net/npm/monaco-editor@0.56.0/min/vs/javascript-DTJl4Jn1.js

 12. jsonMode-DLUiMUrI.js
   Source: https://cdn.jsdelivr.net/npm/monaco-editor@0.56.0/min/vs/jsonMode-DLUiMUrI.js

 13. language/css/css.worker.js
   Source: https://cdn.jsdelivr.net/npm/monaco-editor@0.56.0/min/vs/language/css/css.worker.js

 14. language/css/monaco.contribution.js
   Source: https://cdn.jsdelivr.net/npm/monaco-editor@0.56.0/min/vs/language/css/monaco.contribution.js

 15. language/html/html.worker.js
   Source: https://cdn.jsdelivr.net/npm/monaco-editor@0.56.0/min/vs/language/html/html.worker.js

 16. language/html/monaco.contribution.js
   Source: https://cdn.jsdelivr.net/npm/monaco-editor@0.56.0/min/vs/language/html/monaco.contribution.js

 17. language/json/json.worker.js
   Source: https://cdn.jsdelivr.net/npm/monaco-editor@0.56.0/min/vs/language/json/json.worker.js

 18. language/json/monaco.contribution.js
   Source: https://cdn.jsdelivr.net/npm/monaco-editor@0.56.0/min/vs/language/json/monaco.contribution.js

 19. language/typescript/monaco.contribution.js
   Source: https://cdn.jsdelivr.net/npm/monaco-editor@0.56.0/min/vs/language/typescript/monaco.contribution.js

 20. language/typescript/ts.worker.js
   Source: https://cdn.jsdelivr.net/npm/monaco-editor@0.56.0/min/vs/language/typescript/ts.worker.js

 21. loader.js
   Source: https://cdn.jsdelivr.net/npm/monaco-editor@0.56.0/min/vs/loader.js

 22. markdown-C_rD0bIw.js
   Source: https://cdn.jsdelivr.net/npm/monaco-editor@0.56.0/min/vs/markdown-C_rD0bIw.js

 23. tsMode-B0S_kp2q.js
   Source: https://cdn.jsdelivr.net/npm/monaco-editor@0.56.0/min/vs/tsMode-B0S_kp2q.js

 24. typescript-_2t_511t.js
   Source: https://cdn.jsdelivr.net/npm/monaco-editor@0.56.0/min/vs/typescript-_2t_511t.js

 25. workers-BBttULjf.js
   Source: https://cdn.jsdelivr.net/npm/monaco-editor@0.56.0/min/vs/workers-BBttULjf.js

 26. xml-cZjNDqDT.js
   Source: https://cdn.jsdelivr.net/npm/monaco-editor@0.56.0/min/vs/xml-cZjNDqDT.js

 27. yaml-A1fOIdH6.js
   Source: https://cdn.jsdelivr.net/npm/monaco-editor@0.56.0/min/vs/yaml-A1fOIdH6.js

